// Jest Snapshot v1, https://goo.gl/fbAQLP

exports[`matches snapshot 1`] = `
<div
  className="footer"
>
  <label
    data-testid="footer-static"
  >
    NOW PLAYING
  </label>
  <h2
    data-testid="footer-props"
  >
    Fm Data
  </h2>
</div>
`;
